[03:36:00] run full_20260920T033600  n=20  order=['poll1', 'slim_cold', 'poll30', 'poll10', 'poll5', 'alpine_cold', 'warm_poll1s', 'warm_blpop', 'alpine_warm', 'distroless_cold']
[03:36:00] config poll1
[03:36:04]   poll1 trial -1 (warmup): send->handler = 700 ms
[03:36:08]   poll1 trial 0: send->handler = 1572 ms
[03:36:13]   poll1 trial 1: send->handler = 2472 ms
[03:36:18]   poll1 trial 2: send->handler = 1269 ms
[03:36:22]   poll1 trial 3: send->handler = 934 ms
[03:36:26]   poll1 trial 4: send->handler = 848 ms
[03:36:29]   poll1 trial 5: send->handler = 1526 ms
[03:36:32]   poll1 trial 6: send->handler = 1293 ms
[03:36:35]   poll1 trial 7: send->handler = 815 ms
[03:36:38]   poll1 trial 8: send->handler = 689 ms
[03:36:42]   poll1 trial 9: send->handler = 1473 ms
[03:36:45]   poll1 trial 10: send->handler = 860 ms
[03:36:48]   poll1 trial 11: send->handler = 962 ms
[03:36:51]   poll1 trial 12: send->handler = 1180 ms
[03:36:54]   poll1 trial 13: send->handler = 1154 ms
[03:36:58]   poll1 trial 14: send->handler = 562 ms
[03:37:01]   poll1 trial 15: send->handler = 700 ms
[03:37:04]   poll1 trial 16: send->handler = 520 ms
[03:37:07]   poll1 trial 17: send->handler = 1006 ms
[03:37:10]   poll1 trial 18: send->handler = 538 ms
[03:37:14]   poll1 trial 19: send->handler = 1397 ms
[03:37:17] config slim_cold
[03:37:23]   slim_cold trial 0: send->handler = 2269 ms
[03:37:30]   slim_cold trial 1: send->handler = 2291 ms
[03:37:36]   slim_cold trial 2: send->handler = 2018 ms
[03:37:42]   slim_cold trial 3: send->handler = 2024 ms
[03:37:48]   slim_cold trial 4: send->handler = 2675 ms
[03:37:54]   slim_cold trial 5: send->handler = 2069 ms
[03:38:00]   slim_cold trial 6: send->handler = 2610 ms
[03:38:06]   slim_cold trial 7: send->handler = 2420 ms
[03:38:12]   slim_cold trial 8: send->handler = 2645 ms
[03:38:20]   slim_cold trial 9: send->handler = 2671 ms
[03:38:27]   slim_cold trial 10: send->handler = 2825 ms
[03:38:34]   slim_cold trial 11: send->handler = 2729 ms
[03:38:41]   slim_cold trial 12: send->handler = 2428 ms
[03:38:48]   slim_cold trial 13: send->handler = 2271 ms
[03:38:54]   slim_cold trial 14: send->handler = 2534 ms
[03:39:00]   slim_cold trial 15: send->handler = 2383 ms
[03:39:06]   slim_cold trial 16: send->handler = 2412 ms
[03:39:12]   slim_cold trial 17: send->handler = 2338 ms
[03:39:18]   slim_cold trial 18: send->handler = 2989 ms
[03:39:25]   slim_cold trial 19: send->handler = 2760 ms
[03:39:27] config poll30
[03:40:28]   poll30 trial -1 (warmup): send->handler = 14687 ms
[03:40:58]   poll30 trial 0: send->handler = 7105 ms
[03:41:58]   poll30 trial 1: send->handler = 27911 ms
[03:42:28]   poll30 trial 2: send->handler = 10746 ms
[03:42:58]   poll30 trial 3: send->handler = 4251 ms
[03:43:28]   poll30 trial 4: send->handler = 10543 ms
[03:43:58]   poll30 trial 5: send->handler = 7275 ms
[03:44:28]   poll30 trial 6: send->handler = 26925 ms
[03:44:58]   poll30 trial 7: send->handler = 17569 ms
[03:45:58]   poll30 trial 8: send->handler = 29830 ms
[03:46:28]   poll30 trial 9: send->handler = 23718 ms
[03:46:58]   poll30 trial 10: send->handler = 26071 ms
[03:47:28]   poll30 trial 11: send->handler = 8830 ms
[03:47:58]   poll30 trial 12: send->handler = 13722 ms
[03:48:28]   poll30 trial 13: send->handler = 15935 ms
[03:48:58]   poll30 trial 14: send->handler = 16241 ms
[03:49:28]   poll30 trial 15: send->handler = 3941 ms
[03:49:58]   poll30 trial 16: send->handler = 16825 ms
[03:50:28]   poll30 trial 17: send->handler = 25733 ms
[03:50:58]   poll30 trial 18: send->handler = 17447 ms
[03:51:28]   poll30 trial 19: send->handler = 706 ms
[03:51:30] config poll10
[03:51:51]   poll10 trial -1 (warmup): send->handler = 1576 ms
[03:52:11]   poll10 trial 0: send->handler = 9357 ms
[03:52:21]   poll10 trial 1: send->handler = 527 ms
[03:52:32]   poll10 trial 2: send->handler = 2853 ms
[03:52:41]   poll10 trial 3: send->handler = 2804 ms
[03:52:51]   poll10 trial 4: send->handler = 2225 ms
[03:53:04]   poll10 trial 5: send->handler = 10058 ms
[03:53:21]   poll10 trial 6: send->handler = 6346 ms
[03:53:31]   poll10 trial 7: send->handler = 5177 ms
[03:53:41]   poll10 trial 8: send->handler = 7517 ms
[03:53:51]   poll10 trial 9: send->handler = 6732 ms
[03:54:01]   poll10 trial 10: send->handler = 3034 ms
[03:54:11]   poll10 trial 11: send->handler = 6326 ms
[03:54:21]   poll10 trial 12: send->handler = 5261 ms
[03:54:32]   poll10 trial 13: send->handler = 2735 ms
[03:54:51]   poll10 trial 14: send->handler = 8046 ms
[03:55:11]   poll10 trial 15: send->handler = 9040 ms
[03:55:21]   poll10 trial 16: send->handler = 1029 ms
[03:55:31]   poll10 trial 17: send->handler = 3369 ms
[03:55:41]   poll10 trial 18: send->handler = 5818 ms
[03:55:52]   poll10 trial 19: send->handler = 2458 ms
[03:55:53] config poll5
[03:56:09]   poll5 trial -1 (warmup): send->handler = 4947 ms
[03:56:19]   poll5 trial 0: send->handler = 5341 ms
[03:56:24]   poll5 trial 1: send->handler = 2814 ms
[03:56:29]   poll5 trial 2: send->handler = 2092 ms
[03:56:34]   poll5 trial 3: send->handler = 2566 ms
[03:56:39]   poll5 trial 4: send->handler = 2860 ms
[03:56:49]   poll5 trial 5: send->handler = 4899 ms
[03:56:54]   poll5 trial 6: send->handler = 1435 ms
[03:56:59]   poll5 trial 7: send->handler = 2055 ms
[03:57:04]   poll5 trial 8: send->handler = 2085 ms
[03:57:14]   poll5 trial 9: send->handler = 2683 ms
[03:57:24]   poll5 trial 10: send->handler = 3377 ms
[03:57:34]   poll5 trial 11: send->handler = 4208 ms
[03:57:39]   poll5 trial 12: send->handler = 626 ms
[03:57:44]   poll5 trial 13: send->handler = 1416 ms
[03:57:54]   poll5 trial 14: send->handler = 3377 ms
[03:58:04]   poll5 trial 15: send->handler = 5137 ms
[03:58:14]   poll5 trial 16: send->handler = 3530 ms
[03:58:19]   poll5 trial 17: send->handler = 2838 ms
[03:58:29]   poll5 trial 18: send->handler = 4077 ms
[03:58:39]   poll5 trial 19: send->handler = 3816 ms
[03:58:41] config alpine_cold
[03:58:48]   alpine_cold trial 0: send->handler = 2812 ms
[03:58:53]   alpine_cold trial 1: send->handler = 2106 ms
[03:58:59]   alpine_cold trial 2: send->handler = 1781 ms
[03:59:05]   alpine_cold trial 3: send->handler = 2113 ms
[03:59:11]   alpine_cold trial 4: send->handler = 2245 ms
[03:59:18]   alpine_cold trial 5: send->handler = 2595 ms
[03:59:25]   alpine_cold trial 6: send->handler = 2415 ms
[03:59:32]   alpine_cold trial 7: send->handler = 2459 ms
[03:59:38]   alpine_cold trial 8: send->handler = 2479 ms
[03:59:43]   alpine_cold trial 9: send->handler = 2122 ms
[03:59:49]   alpine_cold trial 10: send->handler = 2657 ms
[03:59:55]   alpine_cold trial 11: send->handler = 2284 ms
[04:00:02]   alpine_cold trial 12: send->handler = 2804 ms
[04:00:09]   alpine_cold trial 13: send->handler = 2998 ms
[04:00:14]   alpine_cold trial 14: send->handler = 1904 ms
[04:00:20]   alpine_cold trial 15: send->handler = 2517 ms
[04:00:26]   alpine_cold trial 16: send->handler = 2034 ms
[04:00:32]   alpine_cold trial 17: send->handler = 1816 ms
[04:00:39]   alpine_cold trial 18: send->handler = 2646 ms
[04:00:44]   alpine_cold trial 19: send->handler = 2033 ms
[04:00:48] config warm_poll1s
[04:00:54]   warm_poll1s trial 0: send->handler = 707 ms
[04:00:56]   warm_poll1s trial 1: send->handler = 337 ms
[04:00:58]   warm_poll1s trial 2: send->handler = 892 ms
[04:01:00]   warm_poll1s trial 3: send->handler = 593 ms
[04:01:01]   warm_poll1s trial 4: send->handler = 482 ms
[04:01:02]   warm_poll1s trial 5: send->handler = 119 ms
[04:01:04]   warm_poll1s trial 6: send->handler = 870 ms
[04:01:05]   warm_poll1s trial 7: send->handler = 464 ms
[04:01:06]   warm_poll1s trial 8: send->handler = 222 ms
[04:01:08]   warm_poll1s trial 9: send->handler = 602 ms
[04:01:10]   warm_poll1s trial 10: send->handler = 223 ms
[04:01:11]   warm_poll1s trial 11: send->handler = 230 ms
[04:01:13]   warm_poll1s trial 12: send->handler = 292 ms
[04:01:14]   warm_poll1s trial 13: send->handler = 639 ms
[04:01:16]   warm_poll1s trial 14: send->handler = 394 ms
[04:01:18]   warm_poll1s trial 15: send->handler = 457 ms
[04:01:19]   warm_poll1s trial 16: send->handler = 510 ms
[04:01:21]   warm_poll1s trial 17: send->handler = 843 ms
[04:01:23]   warm_poll1s trial 18: send->handler = 431 ms
[04:01:24]   warm_poll1s trial 19: send->handler = 69 ms
[04:01:24] config warm_blpop
[04:01:30]   warm_blpop trial 0: send->handler = 2 ms
[04:01:31]   warm_blpop trial 1: send->handler = 2 ms
[04:01:31]   warm_blpop trial 2: send->handler = 2 ms
[04:01:32]   warm_blpop trial 3: send->handler = 2 ms
[04:01:33]   warm_blpop trial 4: send->handler = 2 ms
[04:01:35]   warm_blpop trial 5: send->handler = 2 ms
[04:01:35]   warm_blpop trial 6: send->handler = 2 ms
[04:01:36]   warm_blpop trial 7: send->handler = 3 ms
[04:01:37]   warm_blpop trial 8: send->handler = 5 ms
[04:01:38]   warm_blpop trial 9: send->handler = 6 ms
[04:01:39]   warm_blpop trial 10: send->handler = 2 ms
[04:01:40]   warm_blpop trial 11: send->handler = 4 ms
[04:01:42]   warm_blpop trial 12: send->handler = 14 ms
[04:01:43]   warm_blpop trial 13: send->handler = 11 ms
[04:01:45]   warm_blpop trial 14: send->handler = 3 ms
[04:01:46]   warm_blpop trial 15: send->handler = 2 ms
[04:01:47]   warm_blpop trial 16: send->handler = 2 ms
[04:01:48]   warm_blpop trial 17: send->handler = 3 ms
[04:01:49]   warm_blpop trial 18: send->handler = 3 ms
[04:01:50]   warm_blpop trial 19: send->handler = 2 ms
[04:01:51] config alpine_warm
[04:01:56]   alpine_warm trial -1 (warmup): send->handler = 2121 ms
[04:02:00]   alpine_warm trial 0: send->handler = 969 ms
[04:02:05]   alpine_warm trial 1: send->handler = 1218 ms
[04:02:08]   alpine_warm trial 2: send->handler = 1212 ms
[04:02:11]   alpine_warm trial 3: send->handler = 830 ms
[04:02:14]   alpine_warm trial 4: send->handler = 832 ms
[04:02:18]   alpine_warm trial 5: send->handler = 1459 ms
[04:02:22]   alpine_warm trial 6: send->handler = 1295 ms
[04:02:26]   alpine_warm trial 7: send->handler = 1236 ms
[04:02:30]   alpine_warm trial 8: send->handler = 1291 ms
[04:02:33]   alpine_warm trial 9: send->handler = 812 ms
[04:02:38]   alpine_warm trial 10: send->handler = 1574 ms
[04:02:41]   alpine_warm trial 11: send->handler = 1276 ms
[04:02:46]   alpine_warm trial 12: send->handler = 1701 ms
[04:02:49]   alpine_warm trial 13: send->handler = 899 ms
[04:02:53]   alpine_warm trial 14: send->handler = 843 ms
[04:02:58]   alpine_warm trial 15: send->handler = 1508 ms
[04:03:02]   alpine_warm trial 16: send->handler = 1326 ms
[04:03:06]   alpine_warm trial 17: send->handler = 1243 ms
[04:03:10]   alpine_warm trial 18: send->handler = 1284 ms
[04:03:14]   alpine_warm trial 19: send->handler = 776 ms
[04:03:16] config distroless_cold
[04:03:23]   distroless_cold trial 0: send->handler = 3055 ms
[04:03:30]   distroless_cold trial 1: send->handler = 2996 ms
[04:03:37]   distroless_cold trial 2: send->handler = 2838 ms
[04:03:44]   distroless_cold trial 3: send->handler = 2893 ms
[04:03:50]   distroless_cold trial 4: send->handler = 2302 ms
[04:03:56]   distroless_cold trial 5: send->handler = 2604 ms
[04:04:03]   distroless_cold trial 6: send->handler = 3152 ms
[04:04:11]   distroless_cold trial 7: send->handler = 3252 ms
[04:04:18]   distroless_cold trial 8: send->handler = 3191 ms
[04:04:24]   distroless_cold trial 9: send->handler = 2571 ms
[04:04:29]   distroless_cold trial 10: send->handler = 1866 ms
[04:04:35]   distroless_cold trial 11: send->handler = 2377 ms
[04:04:41]   distroless_cold trial 12: send->handler = 1947 ms
[04:04:47]   distroless_cold trial 13: send->handler = 2596 ms
[04:04:53]   distroless_cold trial 14: send->handler = 2196 ms
[04:05:00]   distroless_cold trial 15: send->handler = 2903 ms
[04:05:08]   distroless_cold trial 16: send->handler = 2518 ms
[04:05:15]   distroless_cold trial 17: send->handler = 2518 ms
[04:05:23]   distroless_cold trial 18: send->handler = 3164 ms
[04:05:29]   distroless_cold trial 19: send->handler = 2322 ms
[04:05:32] done. trials: /Users/rohanmathure/Projects/experiments/keda-as-lambda-part2/bench/data/trials_full_20260920T033600.jsonl
